GUI_GENERATED_MAP
NewMap
PLAYERS 1

MAP
32 X 32
OaOaOaOaOaOaOaOaOaOaOaOaOaOaOaOaOaOaOaOaOaOaOaOaOaOaOaOaOaOaOaOa
OaOcOcOcOcOcOcOcOcOcOcOcOcOcOcOcOcOcOcOcOcOcOcOcOcOcOcOcOcOcOcOa
OaOcOcOcOcOcOgOgOgOgOgOgOgOgOgOgOcOcOcOcOcOcOcOcOcOcOcOcOcOcOcOa
OaOcOcOcOcOcOgOgOgOgOgOgOgOgOgOgObObObObOcOcOcOcOcOcOcOcOcOcOcOa
OaOcOcOeOeOeOdOdOdOdOdOdOdOdOdOdOfOfOfObOcOcOcOcOcOcOcOcOcOcOcOa
OaOcOcOeObObOdOdOdOdOdOdOdOdOdOdObObOfObOcOcOcOcOcOcOcOcOcOcOcOa
OaOcOcOeOeOeOdOdOdOdOdOdOd1COdOdOfOfOfObOcOcOcOcOcOcOcOcOcOcOcOa
OaOcOcOcOcObOdObOcOcOdOdOdOcOcOcOcObOdObOcOcOcOcOcOcOcOcOcOcOcOa
OaOcOcOcOcObOdObOc1BOdOdOd1BOcOcOcObOdObOcOcOcOcOcOcOcOcOcOcOcOa
OaOcOcOc1F1F1FObOc1BOdOdOd1BOcOcOcObOdObOcOcOcOcOcOcOcOcOcOcOcOa
OaOcOcOc1F1F1FObOc1BOdOdOd1BOhOcOcObOdObOb1F1F1FOcOcOcOcOcOcOcOa
OaOcOcOc1F1F1FObOc1B1A1A1A1BOcOcOcObOdOdOd1F1F1FOdOdOdOcOcOcOcOa
OaOcOcOcOdObObObOc1B1A1A1A1BOcOcOcObOdObOb1F1F1FOcOcOdOcOcOcOcOa
OaOcOcOcOdObObOcOc1B1A1A1A1BOcOcOcObOdObOcOcOcOcOcOcOdOcOcOcOcOa
OaOcOcOcOdOdOgObOc1G1G1G1G1GOcOcOcObOdObOcOcOcOcOcOcOdOcOcOcOcOa
OaOcOcOcOcObOgObOb1G1G1G1G1GObObOb1C1C1COcOc1D1D1DOcOdOcOcOcOcOa
OaOcOcOcOcOgOgOdOd1G1G1G1G1GOdOdOd1C1C1COdOd1D1D1DOdOdOcOcOcOcOa
OaOcOcOcOcOgOgObOb1G1G1G1G1GObObOb1C1C1COcOc1D1D1DOcOcOcOcOcOcOa
OaOcOcOcOcOgOgOcOc1G1G1G1G1GOcOcOcOcOdOcOcOcOcOcOcOcOcOcOcOcOcOa
OaOcOcOcOcOcOcOcOcOcObOdObOcOcOcOcOcOdOcOcOcOcOcOcOcOcOcOcOcOcOa
OaOcOcOcOcOcOcOcOcOcObOdOdOdOdOdOdOdOdOcOcOcOcOcOcOcOcOcOcOcOcOa
OaOcOcOcOcOcOcOcOcObOgOgOgObOcOcOcOcOcOcOcOcOcOcOcOcOcOcOcOcOcOa
OaOcOcOcOcOcOcOcOcObOgOgOgObOcOcOcOcOcOcOcOcOcOcOcOcOcOcOcOcOcOa
OaOcOcOcOcOcOcOcOcOcObObObOcOcOcOcOcOcOcOcOcOcOcOcOcOcOcOcOcOcOa
OaOcOcOcOcOcOcOcOcOcOcOcOcOcOcOcOcOcOcOcOcOcOcOcOcOcOcOcOcOcOcOa
OaOcOcOcOcOcOcOcOcOcOcOcOcOcOcOcOcOcOcOcOcOcOcOcOcOcOcOcOcOcOcOa
OaOcOcOcOcOcOcOcOcOcOcOcOcOcOcOcOcOcOcOcOcOcOcOcOcOcOcOcOcOcOcOa
OaOcOcOcOcOcOcOcOcOcOcOcOcOcOcOcOcOcOcOcOcOcOcOcOcOcOcOcOcOcOcOa
OaOcOcOcOcOcOcOcOcOcOcOcOcOcOcOcOcOcOcOcOcOcOcOcOcOcOcOcOcOcOcOa
OaOcOcOcOcOcOcOcOcOcOcOcOcOcOcOcOcOcOcOcOcOcOcOcOcOcOcOcOcOcOcOa
OaOcOcOcOcOcOcOcOcOcOcOcOcOcOcOcOcOcOcOcOcOcOcOcOcOcOcOcOcOcOcOa
OaOaOaOaOaOaOaOaOaOaOaOaOaOaOaOaOaOaOaOaOaOaOaOaOaOaOaOaOaOaOaOa

THINGS
0

CREATURES
2
IMP 9 5 L1 P1
IMP 12 10 L1 P1

DOORS
0

TRAPS
0

HEARTS_AND_GOLD
KPR1_HEART_CENTER 11 16
GOLD1 0

HERO_BANDS
0

AREAS
0

HERO_GATES
0

TRIGGERS
0

SCENARIO_DESCRIPTION
EOF
