GUI_GENERATED_MAP
NewMap
PLAYERS 1

MAP
37 X 37
OaOaOaOaOaOaOaOaOaOaOaOaOaOaOaOaOaOaOaOaOaOaOaOaOaOaOaOaOaOaOaOaOaOaOaOaOa
OaObObObObObObObObObObObObObObObObObObObObObObObObObObObObObObObObObObObOa
OaOb1P1POdOdOcOcOcOgOgOgOcOgOgOcOcOcOcOcOcOcOcOcOcOcOcOcOcOdOdOdOcOhOhObOa
OaOb1P1POdOdOcOcOcOgOgOgOcOgOgOcOcOcOcOcOcOcOcOcOcOcOcOcOcOdOdOdOcOhOhObOa
OaObOdOdOcOcOcOcOcOgOgOgOcOgOgOcOcOcOcOcOcOcOcOcOcOcOcOcOcOdOdOdOcOhOhObOa
OaObOdOcOcOcOcOcOcOgOgOgOcOgOgOcOcOcOcOcOcOcOcOcOcOcOcOcOcOdOdOdOcOhOhObOa
OaObOcOcOcOcOcOcOcOgOgOgOcOgOgOcOcOcOcOcOcOcOcOcOcOcOcOcOcOdOdOdOcOhOhObOa
OaObOcOcOcOcOcOcOcOgOgOgOcOgOgOcOcOcOcOcOcOcOcOcOcOcOcOcOcOdOdOdOcOhOhObOa
OaObOcOcOcOcOcOcOgOgOgOgOgOgOgOgOcOcOcOcOcOcOcOcOcOcOcOcOcOcOdOdOcOhOhObOa
OaObOcOcOcOcOcOcOcOgOgOcOcOcOdOdOdOcOcOc1B1B1B1B1BOcOcOcOcOcOcOdOcOcOcObOa
OaObOcOcOcOcOcOcOcOgOcOcOcOcOdOdOdOcOcOc1B1I1I1I1BOcOcOcOcOcOcOdOdOdOdObOa
OaObOcOcOcOcOcOcOcOcOcOcOcOcOdOdOdOcOcOc1B1I1I1I1BOcOfOfOfOcOcOcOcOdOcObOa
OaObOgOcOcOcOcOcOcOcOcOcOcOcOcOdOcOcOcOc1B1I1I1I1BOcOfOfOfOcOcOcOcOcOcObOa
OaObOgOgOcOcOcOcOcOcOcOgOgOgOcOdOcOcOc1B1B1B1A1B1BOfOfOfOcOcOeOcOcOcOcObOa
OaObOgOgOgOgOgOgOcOcOcOcOgOgOcOdOcOcOc1B1A1A1A1AOcOcOfOfOcOeOeOcOcOcOcObOa
OaObOgOcOcOcOgOgOcOcOcOcOcOcOcOdOcOcOc1B1A1D1D1D1AOcOfOcOeOeOeOcOcOcOcObOa
OaObOcOcOcOcOgOcOcOdOdOdOdOdOdOdOdOdOc1B1B1D1D1D1AOcOcOcOeOcOdOcOcOcOcObOa
OaObOcOcOcOcOcOcOcOd1A1A1A1A1F1F1F1F1F1F1B1D1D1D1AOcOdOdOeOdOdOdOcOcOcObOa
OaObOcOcOcOcOgOgOgOd1A1A1A1A1F1F1F1F1F1F1B1A1A1A1AOcOdOcOeOcOdOdOcOcOcObOa
OaObOcOcOcOcOcOgOdOd1A1A1A1A1F1F1F1F1F1F1B1A1A1AOcOcOdOcOeOcOeOdOdOcOcObOa
OaObOcOcOcOcOcOcOcOc1A1A1A1A1A1A1A1F1F1F1A1AOcOcOcOdOdOcOdOeOeOeOdOcOcObOa
OaObOcOcOcOcOcOcOdOd1A1A1C1A1C1A1A1F1F1F1A1AOcOc1A1I1I1IOdOeOeOeOdOcOcObOa
OaObOcOdOdOdOdOdOdOd1A1G1G1G1G1G1A1F1F1F1B1AOcOc1A1I1I1IOdOeOeOeOeOcOcObOa
OaObOgOdOdOeOeOeOdOd1C1G1G1G1G1G1C1A1A1B1B1AOcOc1A1I1I1IOeOeOeOeOeOeOcObOa
OaObOdOdOdOdOeOeOeOd1A1G1G1G1G1G1A1A1A1B1A1A1A1A1A1A1A1AOeOeOeOeOdOdOcObOa
OaObOgOgOcOcOdOeOeOd1C1G1G1G1G1G1C1A1A1A1A1A1A1A1A1A1A1AOdOdOdOdOdOdOcObOa
OaObOcOcOcOdOeOeOeOd1A1G1G1G1G1G1AOcOcOcOcOcOdOcOcOcOcOcOcOcOcOcOdOdOcObOa
OaObOcOcOcOeOeOeOdOd1A1A1C1A1C1A1AOcOcOcOcOdOdOcOcOcOdOcOcOcOcOcOdOdOcObOa
OaObOcOcOeOeOeOeOeOd1A1A1A1A1A1AOcOcOcOcOcOdOdOcOcOdOdOcOcOcOcOdOdOcOcObOa
OaObOcOcOdOeOeOeOeOdOdOdOcOdOdOdOdOcOcOcOdOdOdOcOcOdOdOcOdOcOdOdOdOcOcObOa
OaObOcOcOdOeOeOeOdOdOdOdOdOdOdOdOdOdOdOdOdOdOdOdOdOdOdOdOdOdOdOdOdOdOdObOa
OaObOcOcOdOdOdOdOdOgOdOdOdOdOdOdOdOdOdOdOdOdOdOcOcOcOcOcOcOdOdOdOdOdOdObOa
OaObOcOcOcOcOcOcOcOgOdOdOcOgOdOdOdOdOdOcOdOdOdOcOcOcOcOcOcOdOdOdOdOdOdObOa
OaObOcOcOcOcOcOcOcOcOdOdOcOcOcOcOdOcOdOcOdOcOcOcOcOcOcOcOcOdOdOdOdOdOdObOa
OaObOcOcOcOcOcOcOcOcOcOcOcOcOcOcOcOcOcOcOcOcOcOcOcOcOcOcOcOdOdOdOcOdOdObOa
OaObObObObObObObObObObObObObObObObObObObObObObObObObObObObObObObObObObObOa
OaOaOaOaOaOaOaOaOaOaOaOaOaOaOaOaOaOaOaOaOaOaOaOaOaOaOaOaOaOaOaOaOaOaOaOaOa

THINGS
0

CREATURES
6
SPIELPROZESSE 0 0 L1 P1
IMP 9 18 L1 P1
IMP 32 24 L1 P1
IMP 14 9 L1 P1
IMP 18 30 L1 P1
IMP 17 30 L1 P1

DOORS
0

TRAPS
0

HEARTS_AND_GOLD
KPR1_HEART_CENTER 13 24
GOLD1 0

HERO_BANDS
0

AREAS
0

HERO_GATES
0

TRIGGERS
0

SCENARIO_DESCRIPTION
EOF
