GUI_GENERATED_MAP
NewMap
PLAYERS 1

MAP
32 X 32
OaOaOaOaOaOaOaOaOaOaOaOaOaOaOaOaOaOaOaOaOaOaOaOaOaOaOaOaOaOaOaOa
OaObObObObObObObObObObObObObObObObObObObObObObObObObObObObObObOa
OaObObOcOcOcOgOgOgOgOgOgOgOgOgOgOcOcObObObObObObObObObObObObObOa
OaObObOcOcOcOgOgOgOgOgOgOgOgOgOgOcOcObObObObObObObObObObObObObOa
OaObObOeOeOeOdOdOdOdOdOdOdOdOdOdOfOfOfObObObObObObObObObObObObOa
OaObObOeOcOcOdOdOdOdOdOdOdOdOdOdOcOcOfObObObObObObObObObObObObOa
OaObObOeOeOeOdOdOdOdOdOdOdOdOdOdOfOfOfObObObObObObObObObObObObOa
OaObObObObObObOcOcOcOdOdOdOcOcOcOcOcObObObObObObObObObObObObObOa
OaObObObObObObOcOc1BOdOdOd1BOcOcObObObObObObObObObObObObObObObOa
OaObObObObObObOcOc1BOdOdOd1BOcOcObObObObObObObObObObObObObObObOa
OaObObObObObObOcOc1BOdOdOd1BOhOcObObObObObObObObObObObObObObObOa
OaObObObObObObOcOc1B1A1A1A1BOcOcObObObObObObObObObObObObObObObOa
OaObObObObObObOcOc1B1A1A1A1BOcOcObObObObObObObObObObObObObObObOa
OaObObObObObObOcOc1B1A1A1A1BOcOcObObObObObObObObObObObObObObObOa
OaObObObObObObObOb1G1G1G1G1GObObObObObObObObObObObObObObObObObOa
OaObObObObObObObOb1G1G1G1G1GObObObObObObObObObObObObObObObObObOa
OaObObObObObOgOcOc1G1G1G1G1GOcOcOgObObObObObObObObObObObObObObOa
OaObObObObObObObOb1G1G1G1G1GObObObObObObObObObObObObObObObObObOa
OaObObObObObObObOb1G1G1G1G1GObObObObObObObObObObObObObObObObObOa
OaObObObObObObObObObObOcObObObObObObObObObObObObObObObObObObObOa
OaObObObObObObObObObObOcObObObObObObObObObObObObObObObObObObObOa
OaObObObObObObObObObObOgObObObObObObObObObObObObObObObObObObObOa
OaObObObObObObObObObObObObObObObObObObObObObObObObObObObObObObOa
OaObObObObObObObObObObObObObObObObObObObObObObObObObObObObObObOa
OaObObObObObObObObObObObObObObObObObObObObObObObObObObObObObObOa
OaObObObObObObObObObObObObObObObObObObObObObObObObObObObObObObOa
OaObObObObObObObObObObObObObObObObObObObObObObObObObObObObObObOa
OaObObObObObObObObObObObObObObObObObObObObObObObObObObObObObObOa
OaObObObObObObObObObObObObObObObObObObObObObObObObObObObObObObOa
OaObObObObObObObObObObObObObObObObObObObObObObObObObObObObObObOa
OaObObObObObObObObObObObObObObObObObObObObObObObObObObObObObObOa
OaOaOaOaOaOaOaOaOaOaOaOaOaOaOaOaOaOaOaOaOaOaOaOaOaOaOaOaOaOaOaOa

THINGS
0

CREATURES
2
IMP 9 5 L1 P1
IMP 12 10 L1 P1

DOORS
0

TRAPS
0

HEARTS_AND_GOLD
KPR1_HEART_CENTER 11 16
GOLD1 0

HERO_BANDS
0

AREAS
0

HERO_GATES
0

TRIGGERS
0

SCENARIO_DESCRIPTION
EOF
