GUI_GENERATED_MAP
NewMap
PLAYERS 1

MAP
40 X 40
OaOaOaOaOaOaOaOaOaOaOaOaOaOaOaOaOaOaOaOaOaOaOaOaOaOaOaOaOaOaOaOaOaOaOaOaOaOaOaOa
OaObObObObObObObObObObObObObObObObObObObObObObObObObObObObObObObObObObObObObObOa
OaObOcOcOcOcOcOcOcOcOcOcOcOcOcOcOcOcOcOcOcOcOcOcOcOcOcOcOcOcOcOcOcOcOcOcOcOcObOa
OaObOcOcOcOcOcOcOcOcOcOcOcOcOcOcOcOcOcOcOcOcOcOcOcOcOcOcOcOcOcOcOcOcOcOcOcOcObOa
OaObOcOcOcOcOcOcOcOcOcOcOcOcOcOcOcOcOcOcOcOcOcOcOcOcOcOcOcOcOcOcOcOcOcOcOcOcObOa
OaObOcOcOcOcOcOcOcOcOcOcOcOcOcOcOcOcOcOcOcOcOcOcOcOcOcOcOcOcOcOcOcOcOcOcOcOcObOa
OaObOcOcOcOcOcOcOcOcOcOcOcOcOcOcOcOcOcOcOcOcOcOcOcOcOcOcOcOcOcOcOcOcOcOcOcOcObOa
OaObOcOcOcOcOcOcOcOeOeOcOeOeOcOcOcOcOcOcOcOcOcOcOcOcOcOcOcOcOcOcOcOcOcOcOcOcObOa
OaObOcOcOcOcOcOcOeOeOeOeOeOeOcOcOcOcOcOcOcOcOcOcOcOcOcOcOcOcOcOcOcOcOcOcOcOcObOa
OaObOcOcOcOcOcOcOeOeOeOeOeOeOcOcOcOcOcOcOcOcOcOcOcOcOcOcOcOcOcOcOcOcOcOcOcOcObOa
OaObOcOcOcOcOcOcOeOeOeOeOeOeOeOcOcOcOcOcOcOcOcOcOcOcOcOcOcOcOcOcOcOcOcOcOcOcObOa
OaObOcOcOcOcOcOcOeOeOeOeOeOeOeOcOcOcOcOcOgOgOcOcOcOcOcOcOcOcOcOcOcOcOcOcOcOcObOa
OaObOcOcOcOcOcOeOeOeOeOeOeOeOeOeOcOcOcOcOcOgOgOgOcOcOcOcOcOcOcOcOcOcOcOcOcOcObOa
OaObOcOcOcOcOcOeOeOeOeOeOeOeOeOeOeOcOcOcOcOcOgOgOcOcOcOcOcOcOcOcOcOcOcOcOcOcObOa
OaObOcOcOcOcOcOcOeOeOeOeOeOeOeOeOeOcOcOcOcOcOcOcOcOcOcOcOcOcOcOcOcOcOcOcOcOcObOa
OaObOcOcOcOcOcOcOcOeOeOeOeOeOeOeOeOeOcOcOcOcOcOcOcOcOcOcOcOcOcOcOcOcOcOcOcOcObOa
OaObOcOcOcOcOcOcOcOcOeOeOeOeOeOeOeOeOcOcOcOcOcOcOcOcOcOcOcOcOcOcOcOcOcOcOcOcObOa
OaObOcOcOcOcOcOcOcOcOcOeOeOeOeOeOeOeOeOcOcOcOcOcOcOcOcOcOcOcOcOcOcOcOcOcOcOcObOa
OaObOcOcOcOcOcOcOcOcOcOeOeOeOeOeOeOeOeOcOcOcOcOcOcOcOcOcOcOcOcOcOcOcOcOcOcOcObOa
OaObOcOcOcOcOcOcOcOcOcOeOeOeOeOeOeOeOeOe1AOeOeOeOcOcOcOcOcOcOcOcOcOcOcOcOcOcObOa
OaObOcOcOcOcOcOcOcOcOcOeOeOeOeOeOeOeOeOe1AOeOeOeOeOcOcOcOcOcOcOcOcOcOcOcOcOcObOa
OaObOcOcOc1B1B1B1B1BOcOcOeOeOeOeOeOeOe1B1A1BOeOeOeOeOeOeOcOcOcOcOcOcOcOcOcOcObOa
OaObOcOcOc1B1I1I1I1BOcOcOeOeOeOeOeOe1C1C1A1C1COeOeOeOeOeOcOcOcOcOcOcOcOcOcOcObOa
OaObOcOcOc1B1I1I1I1B1B1B1B1BOeOeOe1C1G1G1G1G1G1COeOeOeOeOcOcOcOcOcOcOcOcOcOcObOa
OaObOcOcOc1B1I1I1I1B1D1D1D1BOeOe1B1C1G1G1G1G1G1C1BOeOeOcOcOcOc1E1E1EOcOcOcOcObOa
OaObOcOcOc1B1A1A1A1A1D1D1D1A1A1A1A1A1G1G1G1G1G1A1A1A1AOdOdOdOc1E1E1EOcOcOcOcObOa
OaObOcOcOc1B1F1F1F1B1D1D1D1BOcOe1B1C1G1G1G1G1G1C1BOeOeOcOcOcOc1E1E1EOcOcOcOcObOa
OaObOcOcOc1B1F1F1F1B1B1B1B1BOcOeOe1C1G1G1G1G1G1COeOeOeOcOcOcOcOcOcOcOcOcOcOcObOa
OaObOcOcOc1B1F1F1F1BOcOcOcOcOeOeOeOe1C1C1A1C1COeOeOeOcOcOcOcOcOcOcOcOcOcOcOcObOa
OaObOcOcOc1B1B1B1B1BOcOcOcOcOeOeOeOeOe1B1A1BOeOeOeOeOcOcOcOcOcOcOcOcOcOcOcOcObOa
OaObOcOcOcOcOcOcOcOcOcOcOcOcOcOeOeOeOeOe1AOeOeOeOeOeOeOcOcOcOcOcOcOcOcOcOcOcObOa
OaObOcOcOcOcOcOcOcOcOcOcOcOcOcOcOeOeOeOeOgOcOcOeOeOeOeOcOcOcOcOcOcOcOcOcOcOcObOa
OaObOcOcOcOcOcOcOcOcOcOcOcOcOcOcOcOcOcOgOgOgOcOcOcOeOeOcOcOcOcOcOcOcOcOcOcOcObOa
OaObOcOcOcOcOcOcOcOcOcOcOcOcOcOcOcOcOcOgOgOgOcOcOcOcOcOcOcOcOcOcOcOcOcOcOcOcObOa
OaObOcOcOcOcOcOcOcOcOcOcOcOcOcOcOcOcOgOgOgOgOgOcOcOcOcOcOcOcOcOcOcOcOcOcOcOcObOa
OaObOcOcOcOcOcOcOcOcOcOcOcOcOcOcOcOcOgOgOgOgOcOcOcOcOcOcOcOcOcOcOcOcOcOcOcOcObOa
OaObOcOcOcOcOcOcOcOcOcOcOcOcOcOcOcOcOcOcOcOcOcOcOcOcOcOcOcOcOcOcOcOcOcOcOcOcObOa
OaObOcOcOcOcOcOcOcOcOcOcOcOcOcOcOcOcOcOcOcOcOcOcOcOcOcOcOcOcOcOcOcOcOcOcOcOcObOa
OaObObObObObObObObObObObObObObObObObObObObObObObObObObObObObObObObObObObObObObOa
OaOaOaOaOaOaOaOaOaOaOaOaOaOaOaOaOaOaOaOaOaOaOaOaOaOaOaOaOaOaOaOaOaOaOaOaOaOaOaOa

THINGS
0

CREATURES
8
GOBLIN 11 25 L1 P1
TROLL 15 25 L1 P1
IMP 7 25 L1 P1
TROLL 23 25 L1 P1
TROLL 20 21 L1 P1
GOBLIN 6 22 L1 P1
GOBLIN 8 24 L1 P1
WARLOCK 25 24 L1 P1

DOORS
0

TRAPS
0

HEARTS_AND_GOLD
KPR1_HEART_CENTER 20 25
GOLD1 0

HERO_BANDS
0

AREAS
0

HERO_GATES
0

TRIGGERS
0

SCENARIO_DESCRIPTION
EOF
